Bibliothäque Çcrans + icones
C:\YAZD\SOURCE\ICO_ECR\BTMMF5.ICO
C:\YAZD\SOURCE\ICO_ECR\BLACK.AID
C:\YAZD\SOURCE\ICO_ECR\CFGMENU.AID
C:\YAZD\SOURCE\ICO_ECR\DATEHOUR.AID
C:\YAZD\SOURCE\ICO_ECR\DELAYS3.AID
C:\YAZD\SOURCE\ICO_ECR\HEATCFG.AID
C:\YAZD\SOURCE\ICO_ECR\HEATSEL.AID
C:\YAZD\SOURCE\ICO_ECR\HELP_SCR.AID
C:\YAZD\SOURCE\ICO_ECR\HIS_BOUT.AID
C:\YAZD\SOURCE\ICO_ECR\MAINMNU.AID
C:\YAZD\SOURCE\ICO_ECR\MESSAGE.AID
C:\YAZD\SOURCE\ICO_ECR\MESSAGE2.AID
C:\YAZD\SOURCE\ICO_ECR\MESSAGE3.AID
C:\YAZD\SOURCE\ICO_ECR\MODELCFG.AID
C:\YAZD\SOURCE\ICO_ECR\PACING.AID
C:\YAZD\SOURCE\ICO_ECR\PRD_BOUT.AID
C:\YAZD\SOURCE\ICO_ECR\PRODCFG.AID
C:\YAZD\SOURCE\ICO_ECR\REH_BOUT.AID
C:\YAZD\SOURCE\ICO_ECR\THERMCFG.AID
C:\YAZD\SOURCE\ICO_ECR\ZHIS_BOT.AID
C:\YAZD\SOURCE\ICO_ECR\ZHIS_CFG.AID
C:\YAZD\SOURCE\ICO_ECR\BHLPF1.ICO
C:\YAZD\SOURCE\ICO_ECR\BHLPF4.ICO
C:\YAZD\SOURCE\ICO_ECR\BOTDF3.ICO
C:\YAZD\SOURCE\ICO_ECR\BOTDF6.ICO
C:\YAZD\SOURCE\ICO_ECR\BOTDF8.ICO
C:\YAZD\SOURCE\ICO_ECR\BOTF10.ICO
C:\YAZD\SOURCE\ICO_ECR\BOTF2.ICO
C:\YAZD\SOURCE\ICO_ECR\BOTGF0.ICO
C:\YAZD\SOURCE\ICO_ECR\BOTGF1.ICO
C:\YAZD\SOURCE\ICO_ECR\BOTGF2.ICO
C:\YAZD\SOURCE\ICO_ECR\BOTGF3.ICO
C:\YAZD\SOURCE\ICO_ECR\BOTGF4.ICO
C:\YAZD\SOURCE\ICO_ECR\BOTGF5.ICO
C:\YAZD\SOURCE\ICO_ECR\BOTGF6.ICO
C:\YAZD\SOURCE\ICO_ECR\BOTGF7.ICO
C:\YAZD\SOURCE\ICO_ECR\BOTGF8.ICO
C:\YAZD\SOURCE\ICO_ECR\BOTGF9.ICO
C:\YAZD\SOURCE\ICO_ECR\BOTHF2.ICO
C:\YAZD\SOURCE\ICO_ECR\BOTHF6.ICO
C:\YAZD\SOURCE\ICO_ECR\BOTHF7.ICO
C:\YAZD\SOURCE\ICO_ECR\BOTHF8.ICO
C:\YAZD\SOURCE\ICO_ECR\BOTHF9.ICO
C:\YAZD\SOURCE\ICO_ECR\BOTMF2.ICO
C:\YAZD\SOURCE\ICO_ECR\BOTMF6.ICO
C:\YAZD\SOURCE\ICO_ECR\BOTMF7.ICO
C:\YAZD\SOURCE\ICO_ECR\BOTMF8.ICO
C:\YAZD\SOURCE\ICO_ECR\BOTMF9.ICO
C:\YAZD\SOURCE\ICO_ECR\BOTNO.ICO
C:\YAZD\SOURCE\ICO_ECR\BOTPF6.ICO
C:\YAZD\SOURCE\ICO_ECR\BOTYES.ICO
C:\YAZD\SOURCE\ICO_ECR\BOTZF3.ICO
C:\YAZD\SOURCE\ICO_ECR\BOUTF1.ICO
C:\YAZD\SOURCE\ICO_ECR\BOUTF2.ICO
C:\YAZD\SOURCE\ICO_ECR\BOUTF3.ICO
C:\YAZD\SOURCE\ICO_ECR\BOUTF4.ICO
C:\YAZD\SOURCE\ICO_ECR\BOUTF5.ICO
C:\YAZD\SOURCE\ICO_ECR\BOUTF6.ICO
C:\YAZD\SOURCE\ICO_ECR\BOUTF7.ICO
C:\YAZD\SOURCE\ICO_ECR\BOUTF8.ICO
C:\YAZD\SOURCE\ICO_ECR\BOUTF9.ICO
C:\YAZD\SOURCE\ICO_ECR\BTGF7.ICO
C:\YAZD\SOURCE\ICO_ECR\BTGF8.ICO
C:\YAZD\SOURCE\ICO_ECR\BTGF9.ICO
C:\YAZD\SOURCE\ICO_ECR\BTMMF4.ICO
C:\YAZD\SOURCE\ICO_ECR\BTMMF6.ICO
C:\YAZD\SOURCE\ICO_ECR\BTMMF7.ICO
C:\YAZD\SOURCE\ICO_ECR\BTMMF8.ICO
C:\YAZD\SOURCE\ICO_ECR\BTMMF9.ICO
C:\YAZD\SOURCE\ICO_ECR\BTPF8.ICO
C:\YAZD\SOURCE\ICO_ECR\BTPF9.ICO
C:\YAZD\SOURCE\ICO_ECR\MOINS1.ICO
C:\YAZD\SOURCE\ICO_ECR\MOINS2.ICO
C:\YAZD\SOURCE\ICO_ECR\MOINS3.ICO
C:\YAZD\SOURCE\ICO_ECR\MOINS4.ICO
C:\YAZD\SOURCE\ICO_ECR\MOINS5.ICO
C:\YAZD\SOURCE\ICO_ECR\MOINS6.ICO
C:\YAZD\SOURCE\ICO_ECR\MOINS7.ICO
C:\YAZD\SOURCE\ICO_ECR\MOINS8.ICO
C:\YAZD\SOURCE\ICO_ECR\MOINS9.ICO
C:\YAZD\SOURCE\ICO_ECR\PAGEDN.ICO
C:\YAZD\SOURCE\ICO_ECR\PAGEUP.ICO
C:\YAZD\SOURCE\ICO_ECR\PLUS1.ICO
C:\YAZD\SOURCE\ICO_ECR\PLUS2.ICO
C:\YAZD\SOURCE\ICO_ECR\PLUS3.ICO
C:\YAZD\SOURCE\ICO_ECR\PLUS4.ICO
C:\YAZD\SOURCE\ICO_ECR\PLUS5.ICO
C:\YAZD\SOURCE\ICO_ECR\PLUS6.ICO
C:\YAZD\SOURCE\ICO_ECR\PLUS7.ICO
C:\YAZD\SOURCE\ICO_ECR\PLUS8.ICO
C:\YAZD\SOURCE\ICO_ECR\PLUS9.ICO
C:\YAZD\SOURCE\IMAGES\CFG_MENU.IMG
C:\YAZD\SOURCE\IMAGES\DEL_TITL.IMG
C:\YAZD\SOURCE\IMAGES\DISTITLE.IMG
C:\YAZD\SOURCE\IMAGES\FURN_CFG.IMG
C:\YAZD\SOURCE\IMAGES\FURN_SCR.IMG
C:\YAZD\SOURCE\IMAGES\HEAT_SCR.IMG
C:\YAZD\SOURCE\IMAGES\HEAT_TTL.IMG
C:\YAZD\SOURCE\IMAGES\HISTITLE.IMG
C:\YAZD\SOURCE\IMAGES\HLP_SCRN.IMG
C:\YAZD\SOURCE\IMAGES\HLP_TITL.IMG
C:\YAZD\SOURCE\IMAGES\LOGO_CC.IMG
C:\YAZD\SOURCE\IMAGES\MAIN_M.IMG
C:\YAZD\SOURCE\IMAGES\MODL_SCR.IMG
C:\YAZD\SOURCE\IMAGES\MODL_TTL.IMG
C:\YAZD\SOURCE\IMAGES\OPTI.IMG
C:\YAZD\SOURCE\IMAGES\PACE_TTL.IMG
C:\YAZD\SOURCE\IMAGES\PASS.IMG
C:\YAZD\SOURCE\IMAGES\PRDTITLE.IMG
C:\YAZD\SOURCE\IMAGES\PRD_TITL.IMG
C:\YAZD\SOURCE\IMAGES\PROD.IMG
C:\YAZD\SOURCE\IMAGES\REHEAT.IMG
C:\YAZD\SOURCE\IMAGES\REHTITLE.IMG
C:\YAZD\SOURCE\IMAGES\TARG_TTL.IMG
