Ecrans et Icones
C:\YAZD\ICO_ECR\CFGMENU.AID
C:\YAZD\ICO_ECR\DELAYS3.AID
C:\YAZD\ICO_ECR\HEATCFG.AID
C:\YAZD\ICO_ECR\MAINMNU.AID
C:\YAZD\ICO_ECR\MESSAGE.AID
C:\YAZD\ICO_ECR\MESSAGE2.AID
C:\YAZD\ICO_ECR\MESSAGE3.AID
C:\YAZD\ICO_ECR\MODELCFG.AID
C:\YAZD\ICO_ECR\PRODCFG.AID
C:\YAZD\ICO_ECR\THERMCFG.AID
C:\YAZD\ICO_ECR\BOTDF8.ICO
C:\YAZD\ICO_ECR\BOTDF9.ICO
C:\YAZD\ICO_ECR\BOTF10.ICO
C:\YAZD\ICO_ECR\BOTF2.ICO
C:\YAZD\ICO_ECR\BOTHF6.ICO
C:\YAZD\ICO_ECR\BOTHF7.ICO
C:\YAZD\ICO_ECR\BOTHF8.ICO
C:\YAZD\ICO_ECR\BOTHF9.ICO
C:\YAZD\ICO_ECR\BOTMF2.ICO
C:\YAZD\ICO_ECR\BOTMF6.ICO
C:\YAZD\ICO_ECR\BOTMF7.ICO
C:\YAZD\ICO_ECR\BOTMF8.ICO
C:\YAZD\ICO_ECR\BOTMF9.ICO
C:\YAZD\ICO_ECR\BOTNO.ICO
C:\YAZD\ICO_ECR\BOTYES.ICO
C:\YAZD\ICO_ECR\BOUTF1.ICO
C:\YAZD\ICO_ECR\BOUTF2.ICO
C:\YAZD\ICO_ECR\BOUTF3.ICO
C:\YAZD\ICO_ECR\BOUTF4.ICO
C:\YAZD\ICO_ECR\BOUTF5.ICO
C:\YAZD\ICO_ECR\BOUTF6.ICO
C:\YAZD\ICO_ECR\BOUTF7.ICO
C:\YAZD\ICO_ECR\BOUTF8.ICO
C:\YAZD\ICO_ECR\BOUTF9.ICO
C:\YAZD\ICO_ECR\BTMMF6.ICO
C:\YAZD\ICO_ECR\BTMMF7.ICO
C:\YAZD\ICO_ECR\BTMMF8.ICO
C:\YAZD\ICO_ECR\BTMMF9.ICO
C:\YAZD\ICO_ECR\CANCEL.ICO
C:\YAZD\ICO_ECR\DELETE.ICO
C:\YAZD\ICO_ECR\DOWN.ICO
C:\YAZD\ICO_ECR\END.ICO
C:\YAZD\ICO_ECR\ESC.ICO
C:\YAZD\ICO_ECR\HOME.ICO
C:\YAZD\ICO_ECR\LOAD.ICO
C:\YAZD\ICO_ECR\MOINS1.ICO
C:\YAZD\ICO_ECR\MOINS2.ICO
C:\YAZD\ICO_ECR\MOINS3.ICO
C:\YAZD\ICO_ECR\MOINS4.ICO
C:\YAZD\ICO_ECR\MOINS5.ICO
C:\YAZD\ICO_ECR\MOINS6.ICO
C:\YAZD\ICO_ECR\MOINS7.ICO
C:\YAZD\ICO_ECR\MOINS8.ICO
C:\YAZD\ICO_ECR\MOINS9.ICO
C:\YAZD\ICO_ECR\PAGEDN.ICO
C:\YAZD\ICO_ECR\PAGEUP.ICO
C:\YAZD\ICO_ECR\PLUS.ICO
C:\YAZD\ICO_ECR\PLUS1.ICO
C:\YAZD\ICO_ECR\PLUS2.ICO
C:\YAZD\ICO_ECR\PLUS3.ICO
C:\YAZD\ICO_ECR\PLUS4.ICO
C:\YAZD\ICO_ECR\PLUS5.ICO
C:\YAZD\ICO_ECR\PLUS6.ICO
C:\YAZD\ICO_ECR\PLUS7.ICO
C:\YAZD\ICO_ECR\PLUS8.ICO
C:\YAZD\ICO_ECR\PLUS9.ICO
C:\YAZD\ICO_ECR\RET.ICO
C:\YAZD\ICO_ECR\SAVE.ICO
C:\YAZD\ICO_ECR\STOP.ICO
C:\YAZD\ICO_ECR\TF0.ICO
C:\YAZD\ICO_ECR\UP.ICO
